2025-07-28 21:01:31.424 error: 	John--Se produjo un error interno del servidor Cannot set headers after they are sent to the client
2025-07-28 21:02:53.994 error: 	John--Se produjo un error interno del servidor 
Invalid `this.prisma.producto.update()` invocation in
C:\Users\John\Desktop\Git\MipacheLibrary\Server\source\controllers\productoController.ts:316:57

  313   })
  314 );
  315 //Actualizar
→ 316 const updateproducto = await this.prisma.producto.update({
        where: {
          id: 5
        },
        data: {
          nombre: "De sangre y cenizas",
          descripcion: "La historia sigue a Poppy, una joven que ha sido elegida para ser la Doncella, una figura sagrada que debe sacrificarse para mantener a salvo a su reino",
          precio: 14800,
          imagenPrincipal: "De-sangre-y-cenizas.jpg",
          categorias: {
            set: [
              {},
              {},
              {}
            ]
            ~~~~
          }
        }
      })

Argument `set`: Invalid value provided. Expected ProductoCategoriaWhereUniqueInput, provided (Object, Object, Object).
2025-07-28 21:04:31.904 error: 	John--Error al actualizar el producto Error al actualizar el producto
2025-07-28 21:09:01.604 error: 	John--Se produjo un error interno del servidor Cannot set headers after they are sent to the client
2025-07-28 21:09:07.445 error: 	John--Se produjo un error interno del servidor Cannot set headers after they are sent to the client
2025-07-28 21:09:33.397 error: 	John--Se produjo un error interno del servidor Cannot set headers after they are sent to the client
2025-07-28 21:09:47.491 error: 	John--Error al actualizar el producto Error al actualizar el producto
2025-07-28 21:11:03.060 error: 	John--Error al actualizar el producto Error al actualizar el producto
2025-07-28 21:11:41.180 error: 	John--Error al actualizar el producto Error al actualizar el producto
2025-07-28 21:20:44.408 error: 	John--Error al actualizar el producto Error al actualizar el producto
