2025-08-26 23:10:49.489 error: 	John--Se produjo un error interno del servidor 
Invalid `this.prisma.pedido.create()` invocation in
C:\Users\John\Desktop\Git\MipacheLibrary\Server\source\controllers\pedidoController.ts:129:52

  126   );
  127 }
  128 
→ 129 const nuevoPedido = await this.prisma.pedido.create({
        data: {
          usuarioId: 1,
          estado: "PAGO PENDIENTE",
                  ~~~~~~~~~~~~~~~~
          productos: {
            create: [
              {
                productoId: 6,
                cantidad: 2,
                precioUnitario: 14867.26,
                subtotal: 29734.52,
                impuestos: 3865.49,
                total: 33600.01,
                personalizado: undefined
              }
            ]
          }
        },
        include: {
          productos: {
            include: {
              producto: true,
              personalizado: {
                include: {
                  color: true,
                  material: true,
                  tamanno: true
                }
              }
            }
          },
          usuario: true
        }
      })

Invalid value for argument `estado`. Expected Estado.
2025-08-26 23:10:59.022 error: 	John--Se produjo un error interno del servidor 
Invalid `this.prisma.pedido.create()` invocation in
C:\Users\John\Desktop\Git\MipacheLibrary\Server\source\controllers\pedidoController.ts:129:52

  126   );
  127 }
  128 
→ 129 const nuevoPedido = await this.prisma.pedido.create({
        data: {
          usuarioId: 1,
          estado: "PAGO_PENDIENTE",
                  ~~~~~~~~~~~~~~~~
          productos: {
            create: [
              {
                productoId: 6,
                cantidad: 2,
                precioUnitario: 14867.26,
                subtotal: 29734.52,
                impuestos: 3865.49,
                total: 33600.01,
                personalizado: undefined
              }
            ]
          }
        },
        include: {
          productos: {
            include: {
              producto: true,
              personalizado: {
                include: {
                  color: true,
                  material: true,
                  tamanno: true
                }
              }
            }
          },
          usuario: true
        }
      })

Invalid value for argument `estado`. Expected Estado.
2025-08-26 23:12:38.968 error: 	John--Se produjo un error interno del servidor 
Invalid `this.prisma.pedido.create()` invocation in
C:\Users\John\Desktop\Git\MipacheLibrary\Server\source\controllers\pedidoController.ts:129:52

  126   );
  127 }
  128 
→ 129 const nuevoPedido = await this.prisma.pedido.create({
        data: {
          usuarioId: 1,
          estado: "PAGO_PENDIENTE",
                  ~~~~~~~~~~~~~~~~
          productos: {
            create: [
              {
                productoId: 6,
                cantidad: 2,
                precioUnitario: 14867.26,
                subtotal: 29734.52,
                impuestos: 3865.49,
                total: 33600.01,
                personalizado: undefined
              }
            ]
          }
        },
        include: {
          productos: {
            include: {
              producto: true,
              personalizado: {
                include: {
                  color: true,
                  material: true,
                  tamanno: true
                }
              }
            }
          },
          usuario: true
        }
      })

Invalid value for argument `estado`. Expected Estado.
