2025-08-27 13:01:11.136 error: 	John--Error en producto.updatePrismaClientValidationError: 
Invalid `this.prisma.productoCategoria.createMany()` invocation in
C:\Users\John\Desktop\Git\MipacheLibrary\Server\source\controllers\productoController.ts:293:43

  290 });
  291 
  292 // Luego, vuelve a crearlas con los nuevos IDs
→ 293 await this.prisma.productoCategoria.createMany({
        data: [
          {
            productoId: 3,
            categoriaId: undefined
          }
        ]
      })

Argument `categoriaId` is missing. Error en producto.updatePrismaClientValidationError: 
Invalid `this.prisma.productoCategoria.createMany()` invocation in
C:\Users\John\Desktop\Git\MipacheLibrary\Server\source\controllers\productoController.ts:293:43

  290 });
  291 
  292 // Luego, vuelve a crearlas con los nuevos IDs
→ 293 await this.prisma.productoCategoria.createMany({
        data: [
          {
            productoId: 3,
            categoriaId: undefined
          }
        ]
      })

Argument `categoriaId` is missing.
2025-08-27 13:01:13.961 error: 	John--Error en producto.updatePrismaClientValidationError: 
Invalid `this.prisma.productoCategoria.createMany()` invocation in
C:\Users\John\Desktop\Git\MipacheLibrary\Server\source\controllers\productoController.ts:293:43

  290 });
  291 
  292 // Luego, vuelve a crearlas con los nuevos IDs
→ 293 await this.prisma.productoCategoria.createMany({
        data: [
          {
            productoId: 2,
            categoriaId: undefined
          },
          {
            productoId: 2,
            categoriaId: undefined
          }
        ]
      })

Argument `categoriaId` is missing. Error en producto.updatePrismaClientValidationError: 
Invalid `this.prisma.productoCategoria.createMany()` invocation in
C:\Users\John\Desktop\Git\MipacheLibrary\Server\source\controllers\productoController.ts:293:43

  290 });
  291 
  292 // Luego, vuelve a crearlas con los nuevos IDs
→ 293 await this.prisma.productoCategoria.createMany({
        data: [
          {
            productoId: 2,
            categoriaId: undefined
          },
          {
            productoId: 2,
            categoriaId: undefined
          }
        ]
      })

Argument `categoriaId` is missing.
2025-08-27 13:01:14.851 error: 	John--Error en producto.updatePrismaClientValidationError: 
Invalid `this.prisma.productoCategoria.createMany()` invocation in
C:\Users\John\Desktop\Git\MipacheLibrary\Server\source\controllers\productoController.ts:293:43

  290 });
  291 
  292 // Luego, vuelve a crearlas con los nuevos IDs
→ 293 await this.prisma.productoCategoria.createMany({
        data: [
          {
            productoId: 6,
            categoriaId: undefined
          },
          {
            productoId: 6,
            categoriaId: undefined
          },
          {
            productoId: 6,
            categoriaId: undefined
          }
        ]
      })

Argument `categoriaId` is missing. Error en producto.updatePrismaClientValidationError: 
Invalid `this.prisma.productoCategoria.createMany()` invocation in
C:\Users\John\Desktop\Git\MipacheLibrary\Server\source\controllers\productoController.ts:293:43

  290 });
  291 
  292 // Luego, vuelve a crearlas con los nuevos IDs
→ 293 await this.prisma.productoCategoria.createMany({
        data: [
          {
            productoId: 6,
            categoriaId: undefined
          },
          {
            productoId: 6,
            categoriaId: undefined
          },
          {
            productoId: 6,
            categoriaId: undefined
          }
        ]
      })

Argument `categoriaId` is missing.
2025-08-27 13:03:03.876 error: 	John--Error en producto.updatePrismaClientValidationError: 
Invalid `this.prisma.productoCategoria.createMany()` invocation in
C:\Users\John\Desktop\Git\MipacheLibrary\Server\source\controllers\productoController.ts:293:43

  290 });
  291 
  292 // Luego, vuelve a crearlas con los nuevos IDs
→ 293 await this.prisma.productoCategoria.createMany({
        data: [
          {
            productoId: 4,
            categoriaId: undefined
          },
          {
            productoId: 4,
            categoriaId: undefined
          }
        ]
      })

Argument `categoriaId` is missing. Error en producto.updatePrismaClientValidationError: 
Invalid `this.prisma.productoCategoria.createMany()` invocation in
C:\Users\John\Desktop\Git\MipacheLibrary\Server\source\controllers\productoController.ts:293:43

  290 });
  291 
  292 // Luego, vuelve a crearlas con los nuevos IDs
→ 293 await this.prisma.productoCategoria.createMany({
        data: [
          {
            productoId: 4,
            categoriaId: undefined
          },
          {
            productoId: 4,
            categoriaId: undefined
          }
        ]
      })

Argument `categoriaId` is missing.
2025-08-27 13:07:05.942 error: 	John--Error en producto.updateTypeError: Cannot read properties of undefined (reading 'map') Error en producto.updateTypeError: Cannot read properties of undefined (reading 'map')
2025-08-27 13:08:43.859 error: 	John--Error en producto.updateTypeError: Cannot read properties of undefined (reading 'map') Error en producto.updateTypeError: Cannot read properties of undefined (reading 'map')
