2025-07-30 21:06:55.698 error: 	John--Se produjo un error interno del servidor 
Invalid `this.prisma.producto.create()` invocation in
C:\Users\John\Desktop\Git\MipacheLibrary\Server\source\controllers\productoController.ts:222:56

  219 //Datos JSON
  220 const body = request.body;
  221 
→ 222 const nuevoproducto = await this.prisma.producto.create({
        data: {
          nombre: "Death Note Another Note",
          descripcion: "Hay un asesino en serie suelto en Los Ángeles y las autoridades locales necesitan ayuda rápidamente. Por alguna razón, el asesino ha estado dejando una serie de pistas exasperantes y arcanas en cada escena del crimen",
          precio: 18000,
          imagenPrincipal: "producto_1753931215602.jpg",
          categorias: {
            connect: [
              {
                id: 6
              },
              {
                id: 7
              }
            ]
          }
        }
      })

Unknown argument `id`. Did you mean `OR`? Available options are marked with ?.
