2025-07-29 22:34:58.914 error: 	John--Error en producto.updatePrismaClientValidationError: 
Invalid `this.prisma.producto.update()` invocation in
C:\Users\John\Desktop\Git\MipacheLibrary\Server\source\controllers\productoController.ts:278:57

  275   })
  276 );
  277 //Actualizar
→ 278 const updateproducto = await this.prisma.producto.update({
        where: {
          id: 5
        },
        data: {
          nombre: "De sangre y cenizas",
          descripcion: "La historia sigue a Poppy, una joven que ha sido elegida para ser la Doncella, una figura sagrada que debe sacrificarse para mantener a salvo a su reino",
          precio: 15800,
          imagenPrincipal: "De-sangre-y-cenizas.jpg",
          categorias: {
            connect: [
              {},
              {},
              {}
            ]
            ~~~~
          }
        }
      })

Argument `connect`: Invalid value provided. Expected ProductoCategoriaWhereUniqueInput, provided (Object, Object, Object). Error en producto.updatePrismaClientValidationError: 
Invalid `this.prisma.producto.update()` invocation in
C:\Users\John\Desktop\Git\MipacheLibrary\Server\source\controllers\productoController.ts:278:57

  275   })
  276 );
  277 //Actualizar
→ 278 const updateproducto = await this.prisma.producto.update({
        where: {
          id: 5
        },
        data: {
          nombre: "De sangre y cenizas",
          descripcion: "La historia sigue a Poppy, una joven que ha sido elegida para ser la Doncella, una figura sagrada que debe sacrificarse para mantener a salvo a su reino",
          precio: 15800,
          imagenPrincipal: "De-sangre-y-cenizas.jpg",
          categorias: {
            connect: [
              {},
              {},
              {}
            ]
            ~~~~
          }
        }
      })

Argument `connect`: Invalid value provided. Expected ProductoCategoriaWhereUniqueInput, provided (Object, Object, Object).
2025-07-29 22:37:48.442 error: 	John--Error en producto.updatePrismaClientValidationError: 
Invalid `this.prisma.producto.update()` invocation in
C:\Users\John\Desktop\Git\MipacheLibrary\Server\source\controllers\productoController.ts:278:57

  275   })
  276 );
  277 //Actualizar
→ 278 const updateproducto = await this.prisma.producto.update({
        where: {
          id: 5
        },
        data: {
          nombre: "De sangre y cenizas",
          descripcion: "La historia sigue a Poppy, una joven que ha sido elegida para ser la Doncella, una figura sagrada que debe sacrificarse para mantener a salvo a su reino",
          precio: 16800,
          imagenPrincipal: "De-sangre-y-cenizas.jpg",
          categorias: {
            connect: [
              {
                id: 6
              },
              {
                id: 8
              },
              {
                id: 7
              }
            ]
          }
        }
      })

Unknown argument `id`. Did you mean `OR`? Available options are marked with ?. Error en producto.updatePrismaClientValidationError: 
Invalid `this.prisma.producto.update()` invocation in
C:\Users\John\Desktop\Git\MipacheLibrary\Server\source\controllers\productoController.ts:278:57

  275   })
  276 );
  277 //Actualizar
→ 278 const updateproducto = await this.prisma.producto.update({
        where: {
          id: 5
        },
        data: {
          nombre: "De sangre y cenizas",
          descripcion: "La historia sigue a Poppy, una joven que ha sido elegida para ser la Doncella, una figura sagrada que debe sacrificarse para mantener a salvo a su reino",
          precio: 16800,
          imagenPrincipal: "De-sangre-y-cenizas.jpg",
          categorias: {
            connect: [
              {
                id: 6
              },
              {
                id: 8
              },
              {
                id: 7
              }
            ]
          }
        }
      })

Unknown argument `id`. Did you mean `OR`? Available options are marked with ?.
2025-07-29 22:45:21.531 error: 	John--Error en producto.updatePrismaClientValidationError: 
Invalid `this.prisma.producto.update()` invocation in
C:\Users\John\Desktop\Git\MipacheLibrary\Server\source\controllers\productoController.ts:278:57

  275   })
  276 );
  277 //Actualizar
→ 278 const updateproducto = await this.prisma.producto.update({
        where: {
          id: 5
        },
        data: {
          nombre: "De sangre y cenizas",
          descripcion: "La historia sigue a Poppy, una joven que ha sido elegida para ser la Doncella, una figura sagrada que debe sacrificarse para mantener a salvo a su reino",
          precio: 15800,
          imagenPrincipal: "De-sangre-y-cenizas.jpg",
          categorias: {
            connect: [
              {},
              {},
              {}
            ]
            ~~~~
          }
        }
      })

Argument `connect`: Invalid value provided. Expected ProductoCategoriaWhereUniqueInput, provided (Object, Object, Object). Error en producto.updatePrismaClientValidationError: 
Invalid `this.prisma.producto.update()` invocation in
C:\Users\John\Desktop\Git\MipacheLibrary\Server\source\controllers\productoController.ts:278:57

  275   })
  276 );
  277 //Actualizar
→ 278 const updateproducto = await this.prisma.producto.update({
        where: {
          id: 5
        },
        data: {
          nombre: "De sangre y cenizas",
          descripcion: "La historia sigue a Poppy, una joven que ha sido elegida para ser la Doncella, una figura sagrada que debe sacrificarse para mantener a salvo a su reino",
          precio: 15800,
          imagenPrincipal: "De-sangre-y-cenizas.jpg",
          categorias: {
            connect: [
              {},
              {},
              {}
            ]
            ~~~~
          }
        }
      })

Argument `connect`: Invalid value provided. Expected ProductoCategoriaWhereUniqueInput, provided (Object, Object, Object).
2025-07-29 22:55:12.341 error: 	John--Error en producto.updatePrismaClientValidationError: 
Invalid `this.prisma.producto.update()` invocation in
C:\Users\John\Desktop\Git\MipacheLibrary\Server\source\controllers\productoController.ts:278:57

  275   })
  276 );
  277 //Actualizar
→ 278 const updateproducto = await this.prisma.producto.update({
        where: {
          id: 5
        },
        data: {
          nombre: "De sangre y cenizas",
          descripcion: "La historia sigue a Poppy, una joven que ha sido elegida para ser la Doncella, una figura sagrada que debe sacrificarse para mantener a salvo a su reino",
          precio: 15800,
          imagenPrincipal: "De-sangre-y-cenizas.jpg",
          categorias: {
            connect: [
              {
                id: 6
              },
              {
                id: 8
              },
              {
                id: 7
              }
            ]
          }
        }
      })

Unknown argument `id`. Did you mean `OR`? Available options are marked with ?. Error en producto.updatePrismaClientValidationError: 
Invalid `this.prisma.producto.update()` invocation in
C:\Users\John\Desktop\Git\MipacheLibrary\Server\source\controllers\productoController.ts:278:57

  275   })
  276 );
  277 //Actualizar
→ 278 const updateproducto = await this.prisma.producto.update({
        where: {
          id: 5
        },
        data: {
          nombre: "De sangre y cenizas",
          descripcion: "La historia sigue a Poppy, una joven que ha sido elegida para ser la Doncella, una figura sagrada que debe sacrificarse para mantener a salvo a su reino",
          precio: 15800,
          imagenPrincipal: "De-sangre-y-cenizas.jpg",
          categorias: {
            connect: [
              {
                id: 6
              },
              {
                id: 8
              },
              {
                id: 7
              }
            ]
          }
        }
      })

Unknown argument `id`. Did you mean `OR`? Available options are marked with ?.
2025-07-29 22:55:20.449 error: 	John--Error en producto.updatePrismaClientValidationError: 
Invalid `this.prisma.producto.update()` invocation in
C:\Users\John\Desktop\Git\MipacheLibrary\Server\source\controllers\productoController.ts:278:57

  275   })
  276 );
  277 //Actualizar
→ 278 const updateproducto = await this.prisma.producto.update({
        where: {
          id: 5
        },
        data: {
          nombre: "De sangre y cenizas",
          descripcion: "La historia sigue a Poppy, una joven que ha sido elegida para ser la Doncella, una figura sagrada que debe sacrificarse para mantener a salvo a su reino",
          precio: 15800,
          imagenPrincipal: "De-sangre-y-cenizas.jpg",
          categorias: {
            connect: [
              {
                id: 6
              },
              {
                id: 8
              },
              {
                id: 7
              }
            ]
          }
        }
      })

Unknown argument `id`. Did you mean `OR`? Available options are marked with ?. Error en producto.updatePrismaClientValidationError: 
Invalid `this.prisma.producto.update()` invocation in
C:\Users\John\Desktop\Git\MipacheLibrary\Server\source\controllers\productoController.ts:278:57

  275   })
  276 );
  277 //Actualizar
→ 278 const updateproducto = await this.prisma.producto.update({
        where: {
          id: 5
        },
        data: {
          nombre: "De sangre y cenizas",
          descripcion: "La historia sigue a Poppy, una joven que ha sido elegida para ser la Doncella, una figura sagrada que debe sacrificarse para mantener a salvo a su reino",
          precio: 15800,
          imagenPrincipal: "De-sangre-y-cenizas.jpg",
          categorias: {
            connect: [
              {
                id: 6
              },
              {
                id: 8
              },
              {
                id: 7
              }
            ]
          }
        }
      })

Unknown argument `id`. Did you mean `OR`? Available options are marked with ?.
2025-07-29 22:55:27.562 error: 	John--Error en producto.updatePrismaClientValidationError: 
Invalid `this.prisma.producto.update()` invocation in
C:\Users\John\Desktop\Git\MipacheLibrary\Server\source\controllers\productoController.ts:278:57

  275   })
  276 );
  277 //Actualizar
→ 278 const updateproducto = await this.prisma.producto.update({
        where: {
          id: 5
        },
        data: {
          nombre: "De sangre y cenizas",
          descripcion: "La historia sigue a Poppy, una joven que ha sido elegida para ser la Doncella, una figura sagrada que debe sacrificarse para mantener a salvo a su reino",
          precio: 15800,
          imagenPrincipal: "De-sangre-y-cenizas.jpg",
          categorias: {
            connect: [
              {
                id: 6
              },
              {
                id: 8
              },
              {
                id: 7
              }
            ]
          }
        }
      })

Unknown argument `id`. Did you mean `OR`? Available options are marked with ?. Error en producto.updatePrismaClientValidationError: 
Invalid `this.prisma.producto.update()` invocation in
C:\Users\John\Desktop\Git\MipacheLibrary\Server\source\controllers\productoController.ts:278:57

  275   })
  276 );
  277 //Actualizar
→ 278 const updateproducto = await this.prisma.producto.update({
        where: {
          id: 5
        },
        data: {
          nombre: "De sangre y cenizas",
          descripcion: "La historia sigue a Poppy, una joven que ha sido elegida para ser la Doncella, una figura sagrada que debe sacrificarse para mantener a salvo a su reino",
          precio: 15800,
          imagenPrincipal: "De-sangre-y-cenizas.jpg",
          categorias: {
            connect: [
              {
                id: 6
              },
              {
                id: 8
              },
              {
                id: 7
              }
            ]
          }
        }
      })

Unknown argument `id`. Did you mean `OR`? Available options are marked with ?.
