2025-07-14 21:22:18.803 error: 	perez--Se produjo un error interno del servidor 
Invalid `this.prisma.producto.findUnique()` invocation in
C:\Users\perez\Desktop\Aplicaciones Web\MipacheLibrary\Server\source\controllers\productoController.ts:63:54

  60 if (isNaN(idProducto)) {
  61   return next(AppError.badRequest("El ID no es válido"));
  62 }
→ 63 const objProducto = await this.prisma.producto.findUnique({
       where: {
         id: 5
       },
       include: {
         imagenes: true,
         categorias: {
           include: {
             categoria: true
           }
         },
         etiquetas: {
           include: {
             etiqueta: true
           }
         },
         resenas: {
         ~~~~~~~
           include: {
             usuario: true
           }
         },
     ?   personalizado?: true,
     ?   pedidos?: true,
     ?   reseñas?: true,
     ?   promocion?: true
       }
     })

Unknown field `resenas` for include statement on model `Producto`. Available options are marked with ?.
2025-07-14 21:22:25.999 error: 	perez--Se produjo un error interno del servidor 
Invalid `this.prisma.producto.findUnique()` invocation in
C:\Users\perez\Desktop\Aplicaciones Web\MipacheLibrary\Server\source\controllers\productoController.ts:63:54

  60 if (isNaN(idProducto)) {
  61   return next(AppError.badRequest("El ID no es válido"));
  62 }
→ 63 const objProducto = await this.prisma.producto.findUnique({
       where: {
         id: 4
       },
       include: {
         imagenes: true,
         categorias: {
           include: {
             categoria: true
           }
         },
         etiquetas: {
           include: {
             etiqueta: true
           }
         },
         resenas: {
         ~~~~~~~
           include: {
             usuario: true
           }
         },
     ?   personalizado?: true,
     ?   pedidos?: true,
     ?   reseñas?: true,
     ?   promocion?: true
       }
     })

Unknown field `resenas` for include statement on model `Producto`. Available options are marked with ?.
2025-07-14 21:23:14.817 error: 	perez--Se produjo un error interno del servidor 
Invalid `this.prisma.producto.findUnique()` invocation in
C:\Users\perez\Desktop\Aplicaciones Web\MipacheLibrary\Server\source\controllers\productoController.ts:63:54

  60 if (isNaN(idProducto)) {
  61   return next(AppError.badRequest("El ID no es válido"));
  62 }
→ 63 const objProducto = await this.prisma.producto.findUnique({
       where: {
         id: 4
       },
       include: {
         imagenes: true,
         categorias: {
           include: {
             categoria: true
           }
         },
         etiquetas: {
           include: {
             etiqueta: true
           }
         },
         resenas: {
         ~~~~~~~
           include: {
             usuario: true
           }
         },
     ?   personalizado?: true,
     ?   pedidos?: true,
     ?   reseñas?: true,
     ?   promocion?: true
       }
     })

Unknown field `resenas` for include statement on model `Producto`. Available options are marked with ?.
2025-07-14 21:26:01.084 error: 	perez--Se produjo un error interno del servidor 
Invalid `this.prisma.producto.findUnique()` invocation in
C:\Users\perez\Desktop\Aplicaciones Web\MipacheLibrary\Server\source\controllers\productoController.ts:63:54

  60 if (isNaN(idProducto)) {
  61   return next(AppError.badRequest("El ID no es válido"));
  62 }
→ 63 const objProducto = await this.prisma.producto.findUnique({
       where: {
         id: 4
       },
       include: {
         imagenes: true,
         categorias: {
           include: {
             categoria: true
           }
         },
         etiquetas: {
           include: {
             etiqueta: true
           }
         },
         resenas: {
         ~~~~~~~
           include: {
             usuario: true
           }
         },
     ?   personalizado?: true,
     ?   pedidos?: true,
     ?   reseñas?: true,
     ?   promocion?: true
       }
     })

Unknown field `resenas` for include statement on model `Producto`. Available options are marked with ?.
