2025-08-21 16:17:00.913 error: 	perez--ID inválido ID inválido
2025-08-21 16:17:02.248 error: 	perez--Se produjo un error interno del servidor 
Invalid `this.prisma.pedido.findMany()` invocation in
C:\Users\perez\Desktop\Aplicaciones Web\MipacheLibrary\Server\source\controllers\pedidoController.ts:10:48

   7 //Get All
   8 get = async (request: Request, response: Response, next: NextFunction) => {
   9   try {
→ 10     const pedidos = await this.prisma.pedido.findMany(
Can't reach database server at `localhost:3306`

Please make sure your database server is running at `localhost:3306`.
2025-08-21 16:17:12.728 error: 	perez--ID inválido ID inválido
2025-08-21 16:17:13.289 error: 	perez--Se produjo un error interno del servidor 
Invalid `this.prisma.pedido.findMany()` invocation in
C:\Users\perez\Desktop\Aplicaciones Web\MipacheLibrary\Server\source\controllers\pedidoController.ts:10:48

   7 //Get All
   8 get = async (request: Request, response: Response, next: NextFunction) => {
   9   try {
→ 10     const pedidos = await this.prisma.pedido.findMany(
Can't reach database server at `localhost:3306`

Please make sure your database server is running at `localhost:3306`.
2025-08-21 16:17:48.204 error: 	perez--ID inválido ID inválido
2025-08-21 16:17:57.009 error: 	perez--ID inválido ID inválido
2025-08-21 16:18:04.066 error: 	perez--ID inválido ID inválido
2025-08-21 16:18:22.000 error: 	perez--ID inválido ID inválido
2025-08-21 16:20:37.720 error: 	perez--ID inválido ID inválido
2025-08-21 16:35:05.357 error: 	perez--Datos incompletos para crear el pedido Datos incompletos para crear el pedido
2025-08-21 16:35:06.939 error: 	perez--Datos incompletos para crear el pedido Datos incompletos para crear el pedido
2025-08-21 16:35:07.555 error: 	perez--Datos incompletos para crear el pedido Datos incompletos para crear el pedido
2025-08-21 16:35:07.773 error: 	perez--Datos incompletos para crear el pedido Datos incompletos para crear el pedido
2025-08-21 16:39:18.612 error: 	perez--Se produjo un error interno del servidor 
Invalid `this.prisma.pedido.create()` invocation in
C:\Users\perez\Desktop\Aplicaciones Web\MipacheLibrary\Server\source\controllers\pedidoController.ts:129:52

  126   );
  127 }
  128 
→ 129 const nuevoPedido = await this.prisma.pedido.create({
        data: {
          usuarioId: 1,
          estado: "EN_CARRITO",
          productos: {
            create: [
              {
                productoId: 1,
                cantidad: 1,
                precioUnitario: NaN,
                subtotal: NaN,
                impuestos: NaN,
                total: NaN,
                personalizado: undefined
              },
              {
                productoId: 3,
                cantidad: 3,
                precioUnitario: NaN,
                subtotal: NaN,
                impuestos: NaN,
                total: NaN,
                personalizado: undefined
              }
            ]
          }
        },
        include: {
          productos: {
            include: {
              producto: true,
              personalizado: {
                include: {
                  color: true,
                  material: true,
                  tamanno: true
                }
              }
            }
          },
          usuario: true
        }
      })

Argument `producto` is missing.
2025-08-21 16:39:20.619 error: 	perez--Se produjo un error interno del servidor 
Invalid `this.prisma.pedido.create()` invocation in
C:\Users\perez\Desktop\Aplicaciones Web\MipacheLibrary\Server\source\controllers\pedidoController.ts:129:52

  126   );
  127 }
  128 
→ 129 const nuevoPedido = await this.prisma.pedido.create({
        data: {
          usuarioId: 1,
          estado: "EN_CARRITO",
          productos: {
            create: [
              {
                productoId: 1,
                cantidad: 1,
                precioUnitario: NaN,
                subtotal: NaN,
                impuestos: NaN,
                total: NaN,
                personalizado: undefined
              },
              {
                productoId: 3,
                cantidad: 3,
                precioUnitario: NaN,
                subtotal: NaN,
                impuestos: NaN,
                total: NaN,
                personalizado: undefined
              }
            ]
          }
        },
        include: {
          productos: {
            include: {
              producto: true,
              personalizado: {
                include: {
                  color: true,
                  material: true,
                  tamanno: true
                }
              }
            }
          },
          usuario: true
        }
      })

Argument `producto` is missing.
2025-08-21 16:39:21.801 error: 	perez--Se produjo un error interno del servidor 
Invalid `this.prisma.pedido.create()` invocation in
C:\Users\perez\Desktop\Aplicaciones Web\MipacheLibrary\Server\source\controllers\pedidoController.ts:129:52

  126   );
  127 }
  128 
→ 129 const nuevoPedido = await this.prisma.pedido.create({
        data: {
          usuarioId: 1,
          estado: "EN_CARRITO",
          productos: {
            create: [
              {
                productoId: 1,
                cantidad: 1,
                precioUnitario: NaN,
                subtotal: NaN,
                impuestos: NaN,
                total: NaN,
                personalizado: undefined
              },
              {
                productoId: 3,
                cantidad: 3,
                precioUnitario: NaN,
                subtotal: NaN,
                impuestos: NaN,
                total: NaN,
                personalizado: undefined
              }
            ]
          }
        },
        include: {
          productos: {
            include: {
              producto: true,
              personalizado: {
                include: {
                  color: true,
                  material: true,
                  tamanno: true
                }
              }
            }
          },
          usuario: true
        }
      })

Argument `producto` is missing.
2025-08-21 16:47:39.339 error: 	perez--Se produjo un error interno del servidor 
Invalid `this.prisma.pedido.create()` invocation in
C:\Users\perez\Desktop\Aplicaciones Web\MipacheLibrary\Server\source\controllers\pedidoController.ts:129:52

  126   );
  127 }
  128 
→ 129 const nuevoPedido = await this.prisma.pedido.create({
        data: {
          usuarioId: 1,
          estado: "EN_CARRITO",
          productos: {
            create: [
              {
                productoId: 4,
                cantidad: 1,
                precioUnitario: NaN,
                subtotal: NaN,
                impuestos: NaN,
                total: NaN,
                personalizado: undefined
              },
              {
                productoId: 5,
                cantidad: 1,
                precioUnitario: NaN,
                subtotal: NaN,
                impuestos: NaN,
                total: NaN,
                personalizado: undefined
              }
            ]
          }
        },
        include: {
          productos: {
            include: {
              producto: true,
              personalizado: {
                include: {
                  color: true,
                  material: true,
                  tamanno: true
                }
              }
            }
          },
          usuario: true
        }
      })

Argument `producto` is missing.
2025-08-21 16:47:40.538 error: 	perez--Se produjo un error interno del servidor 
Invalid `this.prisma.pedido.create()` invocation in
C:\Users\perez\Desktop\Aplicaciones Web\MipacheLibrary\Server\source\controllers\pedidoController.ts:129:52

  126   );
  127 }
  128 
→ 129 const nuevoPedido = await this.prisma.pedido.create({
        data: {
          usuarioId: 1,
          estado: "EN_CARRITO",
          productos: {
            create: [
              {
                productoId: 4,
                cantidad: 1,
                precioUnitario: NaN,
                subtotal: NaN,
                impuestos: NaN,
                total: NaN,
                personalizado: undefined
              },
              {
                productoId: 5,
                cantidad: 1,
                precioUnitario: NaN,
                subtotal: NaN,
                impuestos: NaN,
                total: NaN,
                personalizado: undefined
              }
            ]
          }
        },
        include: {
          productos: {
            include: {
              producto: true,
              personalizado: {
                include: {
                  color: true,
                  material: true,
                  tamanno: true
                }
              }
            }
          },
          usuario: true
        }
      })

Argument `producto` is missing.
2025-08-21 16:47:40.678 error: 	perez--Se produjo un error interno del servidor 
Invalid `this.prisma.pedido.create()` invocation in
C:\Users\perez\Desktop\Aplicaciones Web\MipacheLibrary\Server\source\controllers\pedidoController.ts:129:52

  126   );
  127 }
  128 
→ 129 const nuevoPedido = await this.prisma.pedido.create({
        data: {
          usuarioId: 1,
          estado: "EN_CARRITO",
          productos: {
            create: [
              {
                productoId: 4,
                cantidad: 1,
                precioUnitario: NaN,
                subtotal: NaN,
                impuestos: NaN,
                total: NaN,
                personalizado: undefined
              },
              {
                productoId: 5,
                cantidad: 1,
                precioUnitario: NaN,
                subtotal: NaN,
                impuestos: NaN,
                total: NaN,
                personalizado: undefined
              }
            ]
          }
        },
        include: {
          productos: {
            include: {
              producto: true,
              personalizado: {
                include: {
                  color: true,
                  material: true,
                  tamanno: true
                }
              }
            }
          },
          usuario: true
        }
      })

Argument `producto` is missing.
2025-08-21 16:47:40.901 error: 	perez--Se produjo un error interno del servidor 
Invalid `this.prisma.pedido.create()` invocation in
C:\Users\perez\Desktop\Aplicaciones Web\MipacheLibrary\Server\source\controllers\pedidoController.ts:129:52

  126   );
  127 }
  128 
→ 129 const nuevoPedido = await this.prisma.pedido.create({
        data: {
          usuarioId: 1,
          estado: "EN_CARRITO",
          productos: {
            create: [
              {
                productoId: 4,
                cantidad: 1,
                precioUnitario: NaN,
                subtotal: NaN,
                impuestos: NaN,
                total: NaN,
                personalizado: undefined
              },
              {
                productoId: 5,
                cantidad: 1,
                precioUnitario: NaN,
                subtotal: NaN,
                impuestos: NaN,
                total: NaN,
                personalizado: undefined
              }
            ]
          }
        },
        include: {
          productos: {
            include: {
              producto: true,
              personalizado: {
                include: {
                  color: true,
                  material: true,
                  tamanno: true
                }
              }
            }
          },
          usuario: true
        }
      })

Argument `producto` is missing.
2025-08-21 16:47:41.202 error: 	perez--Se produjo un error interno del servidor 
Invalid `this.prisma.pedido.create()` invocation in
C:\Users\perez\Desktop\Aplicaciones Web\MipacheLibrary\Server\source\controllers\pedidoController.ts:129:52

  126   );
  127 }
  128 
→ 129 const nuevoPedido = await this.prisma.pedido.create({
        data: {
          usuarioId: 1,
          estado: "EN_CARRITO",
          productos: {
            create: [
              {
                productoId: 4,
                cantidad: 1,
                precioUnitario: NaN,
                subtotal: NaN,
                impuestos: NaN,
                total: NaN,
                personalizado: undefined
              },
              {
                productoId: 5,
                cantidad: 1,
                precioUnitario: NaN,
                subtotal: NaN,
                impuestos: NaN,
                total: NaN,
                personalizado: undefined
              }
            ]
          }
        },
        include: {
          productos: {
            include: {
              producto: true,
              personalizado: {
                include: {
                  color: true,
                  material: true,
                  tamanno: true
                }
              }
            }
          },
          usuario: true
        }
      })

Argument `producto` is missing.
2025-08-21 16:47:41.376 error: 	perez--Se produjo un error interno del servidor 
Invalid `this.prisma.pedido.create()` invocation in
C:\Users\perez\Desktop\Aplicaciones Web\MipacheLibrary\Server\source\controllers\pedidoController.ts:129:52

  126   );
  127 }
  128 
→ 129 const nuevoPedido = await this.prisma.pedido.create({
        data: {
          usuarioId: 1,
          estado: "EN_CARRITO",
          productos: {
            create: [
              {
                productoId: 4,
                cantidad: 1,
                precioUnitario: NaN,
                subtotal: NaN,
                impuestos: NaN,
                total: NaN,
                personalizado: undefined
              },
              {
                productoId: 5,
                cantidad: 1,
                precioUnitario: NaN,
                subtotal: NaN,
                impuestos: NaN,
                total: NaN,
                personalizado: undefined
              }
            ]
          }
        },
        include: {
          productos: {
            include: {
              producto: true,
              personalizado: {
                include: {
                  color: true,
                  material: true,
                  tamanno: true
                }
              }
            }
          },
          usuario: true
        }
      })

Argument `producto` is missing.
